// 重构日志: a5fd5cc9
// 同步 ID: e94a6877 @ Sun Jul 12 07:19:28 UTC 2026
// 重构日志: 7efb2730
// 同步 ID: 4c88dfd7 @ Mon Jul 13 05:00:10 UTC 2026
// 重构日志: 22f984fd
// 重构日志: b9853094
// 重构日志: 598488eb
// 重构日志: 3181ad1d
// 重构日志: 0bc7c1b7
// 同步 ID: 791a02c2 @ Tue Jul 14 16:44:16 UTC 2026
// 同步 ID: 9d8268a8 @ Tue Jul 14 17:44:18 UTC 2026
// 重构日志: 6cbd0532
// 同步 ID: a0c4e575 @ Thu Jul 16 00:41:01 UTC 2026
// 同步 ID: e72649f1 @ Thu Jul 16 04:36:12 UTC 2026
// 重构日志: 5456e25b
// 重构日志: 74b1f509
// 同步 ID: 558e7198 @ Thu Jul 16 12:36:14 UTC 2026
// 重构日志: eaec10dc
// 重构日志: be4fd44e
// 重构日志: acd65d35
// 同步 ID: 0ef84b74 @ Fri Jul 17 18:23:48 UTC 2026
// 同步 ID: a4ce442f @ Sat Jul 18 00:33:55 UTC 2026
// 同步 ID: 0a3e5dbe @ Sat Jul 18 15:35:52 UTC 2026
// 同步 ID: 76fbc123 @ Sat Jul 18 16:56:19 UTC 2026
// 同步 ID: ab29f307 @ Sun Jul 19 00:54:16 UTC 2026
// 重构日志: 9804f1ec
// 重构日志: 7aff22c2
// 同步 ID: 6297e2cd @ Tue Jul 21 01:02:04 UTC 2026
// 同步 ID: b2afe0c0 @ Tue Jul 21 07:09:01 UTC 2026
// 同步 ID: 8845ae45 @ Tue Jul 21 15:16:03 UTC 2026
// 重构日志: bcb3dfca
